Current working directory: C:\Users\diksh\Videos\Captures\student-complaint-dashboard
Script location: C:\Users\diksh\Videos\Captures\student-complaint-dashboard\backend\api\complaints
Full path to this script: C:\Users\diksh\Videos\Captures\student-complaint-dashboard\backend\api\complaints\test_path.php
Looking for config at: C:\Users\diksh\Videos\Captures\student-complaint-dashboard\backend\api\complaints/../../config/database.php
File exists: Yes

